
 num     #instances         #bytes  class name
----------------------------------------------
   1:        465578       48432680  [C
   2:        238842       42015560  [B
   3:         63771       23317568  [I
   4:        438127       10515048  java.lang.String
   5:         72350        8068816  [Ljava.lang.Object;
   6:        177300        5673600  com.intellij.util.text.ByteArrayCharSequence
   7:        104012        4160480  com.intellij.openapi.vfs.impl.ArchiveHandler$EntryInfo
   8:         36916        4069368  java.lang.Class
   9:         81859        3274360  com.intellij.util.containers.hash.LinkedHashMap$Entry
  10:         97955        3134560  com.intellij.openapi.vfs.newvfs.impl.VirtualFileImpl
  11:         77492        2479744  java.util.HashMap$Node
  12:         60032        1921024  com.intellij.util.containers.IntObjectLinkedMap$MapEntry
  13:         58535        1404840  com.intellij.psi.stubs.StubIdList
  14:         33456        1338240  org.jdom.Attribute
  15:         15124        1330912  java.lang.reflect.Method
  16:          5346        1317824  [Lcom.intellij.openapi.vfs.impl.ArchiveHandler$EntryInfo;
  17:         11911        1259136  [Ljava.util.HashMap$Node;
  18:         30448        1217920  java.util.LinkedHashMap$Entry
  19:          7011        1123928  [J
  20:         46724        1121376  com.intellij.openapi.util.io.BufferExposingByteArrayOutputStream
  21:         13671        1093680  java.lang.reflect.Constructor
  22:         67418        1078688  java.lang.Integer
  23:         17767         994952  java.util.LinkedHashMap
  24:         29403         940896  java.util.concurrent.ConcurrentHashMap$Node
  25:         12573         905256  java.lang.reflect.Field
  26:           657         749056  [Lcom.intellij.util.containers.hash.LinkedHashMap$Entry;
  27:         15232         609280  org.jdom.ContentList
  28:         15232         609280  org.jdom.Element
  29:         12018         576864  gnu.trove.THashMap
  30:         14216         568640  com.intellij.psi.impl.source.tree.java.PsiJavaTokenImpl
  31:         17308         553856  com.intellij.util.indexing.impl.ChangeTrackingValueContainer
  32:         25053         537704  [Ljava.lang.Class;
  33:         16593         530976  java.io.File
  34:          8250         528000  java.net.URL
  35:             2         524320  [Lcom.jetbrains.sourceglider.relations.incremental.RelationsCache$KeyEntry;
  36:         12918         516720  org.jetbrains.plugins.gradle.model.DefaultExternalTask
  37:         21152         507648  java.util.ArrayList
  38:         11440         457600  com.intellij.openapi.vfs.newvfs.impl.VirtualDirectoryImpl
  39:          7906         442736  java.lang.Class$ReflectionData
  40:         12014         439680  [Lorg.jdom.Attribute;
  41:         10911         436440  java.lang.ref.SoftReference
  42:         17308         415392  com.intellij.util.indexing.impl.MapIndexStorage$3$1
  43:         17308         415392  com.intellij.util.indexing.impl.ValueContainerImpl
  44:         12906         412992  org.jdom.AttributeList
  45:         12451         398432  java.util.Hashtable$Entry
  46:          7015         392840  com.intellij.psi.impl.source.tree.java.PsiReferenceParameterListImpl
  47:            33         388624  [Lcom.intellij.util.containers.IntObjectLinkedMap$MapEntry;
  48:          4858         349776  com.intellij.psi.impl.source.tree.java.PsiReferenceExpressionImpl
  49:          8495         339800  com.intellij.psi.impl.source.tree.PsiWhiteSpaceImpl
  50:          6562         314976  com.intellij.openapi.externalSystem.model.DataNode
  51:         12823         307752  com.intellij.openapi.vfs.newvfs.impl.VfsData$DirectoryData
  52:          7666         306640  com.intellij.psi.impl.source.tree.java.PsiIdentifierImpl
  53:           668         296792  [Ljava.util.concurrent.ConcurrentHashMap$Node;
  54:          5754         276192  java.util.HashMap
  55:          4254         272256  com.intellij.openapi.actionSystem.Presentation
  56:          6983         262024  [Ljava.lang.String;
  57:         10676         256224  com.intellij.util.SmartList
  58:          6374         254960  com.intellij.openapi.externalSystem.model.task.TaskData
  59:         10483         251592  com.intellij.util.indexing.containers.ChangeBufferingList
  60:          4250         238000  java.lang.invoke.MemberName
  61:          5812         232480  com.intellij.openapi.util.objectTree.ObjectNode
  62:          9495         227880  java.util.Collections$UnmodifiableRandomAccessList
  63:         13909         222544  java.util.LinkedHashSet
  64:          4287         205776  org.jdom.ImmutableElement
  65:          1462         204280  [S
  66:          5100         204000  kotlin.reflect.jvm.internal.impl.protobuf.SmallSortedMap$1
  67:          4432         193936  [Lorg.jdom.Content;
  68:          1499         191480  [Ljava.util.Hashtable$Entry;
  69:         11814         189024  com.intellij.psi.impl.cache.impl.id.IdIndexEntry
  70:          4515         180600  com.intellij.openapi.extensions.impl.XmlExtensionAdapter
  71:          7253         174072  com.intellij.util.keyFMap.OneElementFMap
  72:          4091         163640  java.lang.invoke.MethodType
  73:          6740         161680  [Ljava.lang.reflect.Constructor;
  74:          3225         154800  com.intellij.openapi.vfs.impl.FilePointerPartNode
  75:           118         153744  [[C
  76:          2375         152000  com.intellij.psi.impl.source.tree.java.PsiExpressionListImpl
  77:          1699         149512  kotlin.reflect.jvm.internal.impl.metadata.ProtoBuf$Type
  78:          6118         146832  org.jetbrains.plugins.gradle.model.DefaultGradleConfiguration
  79:          2018         145296  com.intellij.psi.impl.source.PsiJavaCodeReferenceElementImpl
  80:          2252         144128  com.intellij.psi.impl.source.tree.java.PsiMethodCallExpressionImpl
  81:          2984         143232  org.apache.xerces.dom.DeferredAttrNSImpl
  82:            12         142272  [Lcom.intellij.util.containers.ConcurrentIntObjectHashMap$Node;
  83:          5871         140904  sun.reflect.NativeConstructorAccessorImpl
  84:          4352         139264  com.intellij.codeInspection.bytecodeAnalysis.HMember
  85:          2171         138944  java.util.concurrent.ConcurrentHashMap
  86:          3413         136520  java.lang.ref.Finalizer
  87:          3389         135560  com.intellij.openapi.extensions.impl.XmlExtensionAdapter$ConstructorInjectionAdapter
  88:          2414         135184  java.lang.Package
  89:          4092         130944  java.lang.invoke.MethodType$ConcurrentWeakInternSet$WeakEntry
  90:          5221         125304  com.intellij.util.lang.MemoryResource
  91:           646         125200  [Ljava.util.WeakHashMap$Entry;
  92:          5100         122400  kotlin.reflect.jvm.internal.impl.protobuf.FieldSet
  93:          1271         122016  com.intellij.codeInspection.LocalInspectionEP
  94:          4634         111216  com.intellij.openapi.util.Pair
  95:          2655         106200  com.intellij.reference.SoftReference
  96:          6583         105328  com.intellij.openapi.util.UserDataHolderBase
  97:          1669         103256  [Ljava.lang.reflect.Method;
  98:          2517         100680  java.util.TreeMap$Entry
  99:          1131          99528  kotlin.reflect.jvm.internal.impl.metadata.ProtoBuf$Function
 100:          6043          96688  sun.reflect.DelegatingConstructorAccessorImpl
[...]
Total       3185001      206746720
